go : # 
mastutik-api/services [mast
utik-api/services.test]
At line:1 char:1
+ go test ./services/... 
-v > test_output.txt 2>&1; 
Get-Content test_ou ...
+ ~~~~~~~~~~~~~~~~~~~~~~~~~
~~~~~~~~~~~~~~~~~~~~~~~
    + CategoryInfo         
     : NotSpecified: (# m  
  astutik-api/.../servic   
 es.test]:String) [], R    
emoteException
    + FullyQualifiedErrorI 
   d : NativeCommandError
 
services\order_race_test.go
:15:2: 
"mastutik-api/models" 
imported and not used
services\order_race_test.go
:21:2: undefined: services
FAIL	mastutik-api/services [build failed]
FAIL
